// Jest Snapshot v1, https://goo.gl/fbAQLP

exports[`render <Text/> renders <Text/> correctly 1`] = `"data:image/png;base64,iVBORw0KGgoAAAANSUhEUgAAASwAAACWCAYAAABkW7XSAAAABmJLR0QA/wD/AP+gvaeTAAAAxUlEQVR4nO3BMQEAAADCoPVPbQhfoAAAAAAAAAAAAAAAAAAAAAAAAAAAAAAAAAAAAAAAAAAAAAAAAAAAAAAAAAAAAAAAAAAAAAAAAAAAAAAAAAAAAAAAAAAAAAAAAAAAAAAAAAAAAAAAAAAAAAAAAAAAAAAAAAAAAAAAAAAAAAAAAAAAAAAAAAAAAAAAAAAAAAAAAAAAAAAAAAAAAAAAAAAAAAAAAAAAAAAAAAAAAAAAAAAAAAAAAAAAAAAAAAAAAAAAAOA1v9QAATX68/0AAAAASUVORK5CYII="`;

exports[`render <Text/> renders <Text/> with coordinates correctly 1`] = `"data:image/png;base64,iVBORw0KGgoAAAANSUhEUgAAASwAAACWCAYAAABkW7XSAAAABmJLR0QA/wD/AP+gvaeTAAAFPUlEQVR4nO3cX6ilVRkH4N+y0dLCULQ/mhkVRdCFkw0h9AdBKEOUlIpAYSLqQsyiuqhQAqMMM4PCILowooaiUguMEiWxMHUCu6gMxLxwLMqpTBPNGf11sb9Duz3nePY454yVz3Pz7e/d7/retQ7sxVpnr3MSAAAAAAAAAAAAAJ4RxmKg7aFJTkny0iRNsivJbWOMR5d5YNsjk3SM8dBGdnSJus9LcugSqXsPdt+ADdb2kLYXtv1L9/VQ20+3ffZCm+Pbntx2y1zst21vfBr6f90q/V7Nzzaw5j7jBzbP/AftiiQfSnJPkouT3JZkb5LXJflIkouSnNT2HWOMvVOb85N8MsmxSXYfrE6v4etJbp6735rk3UmuTXLrXHzXBtb8bxo/PDO0PWNafdze9vmrvH942xunnAvn4p+ZYsfMxZ6WFdaitudOfTt/E2vsM35g8xwyXT+R5Ikk540x/r6YNMZ4JMl7k+xJcmGStL0gyalTysVtz5pv0/bEtle2vantNW3PXHxu2yPbfnzazl3X9qK2Ry/kXNB2e9sXTM/70oEOer26bU9v+7m2py20e9sUP2W98QOboO0xbZ9oe8sSuT+ZVhQrk9E90/1N0wd4ZYX1u7b3tr1jmqz+POWdOfes49re1fbRadK4uu2Dbf/Y9tVzeTvb3jw984m21y85rlVXWMvUbfvCtvdP/T52rt1f297Z9oi1xg9sorZvnD50X1ki94op983T/VpbwvY/t44nTBPENXOxH7Z9uO3WudgrpknhhrnYzul53+kq29Un6etaE9aydc+Z2u+Y7n/Q9rG2r5/LsSWEg+iQJM+dXi/zVf/j0/WwdfJ2J/nyys0Y494kd2V2VCJtT0hyRpKvjTHumMu7O8mOJKd2djxixYNJ3rfadnV/7E/dMcb3k3wryXvaXpXkzCSXjDF+eSB9AJ66LZlNBkly3BL5J07X+9fJ+/0YowuxR5IcMb3emtkZsJPbfnUh77WZTaQvmuvbXWOMfyzRv/Xsb90PJnlLku1Jbkly6Qb0AXiKtiS5M7NfuL/myRLbPivJtswmnjvXee56k8vKqu7QJEctvHdfku/m36u5ZHa8YiPsb909Sf45vX44s58T8DTZMsZ4oO3Pk7yp7UljjF+tkXtGkpcl2THGeOwA6/5pun5vjHH5/Bttn5Pk8CQPHGCNjah7eZKXJ/lRkrdndu7qyk3oF7CElWMNn81sq/SNlW/F5rV9cZIvZLbauGQD6t6e2bbrnQt1RpKfJllr0jxodduenuQDSa5KcnaS3yS5rO2rNqlvwLI6+9Obtt3d9oudnX06r+1lU2xv23cttPno1Obzbd8wxVY9ONrZodRfz91/bGr77bantX1rZ0cg2vbcubydbW9dfN4S41nrW8J167Y9uu19nR11OGqKbWu7p+0vpu3xquMHDpK2Z3d2dmre3rY3tN22Sv7xU/7jbS+dYte3/eYqude0/fFC7MOdHSdY8Ye271/Iubbt1U9hLGe1vXt+8lu2bttLp7bnLLT71BTfvtb4gc2zz39rSGYHJ5O8JMljSXaNMf62WR1oe1iSV2b2S+1dY4zH12nyP10XAAAAAAAAAAAAAAAAAAAAAAAAAAAAAAAAAAAAAAAAAAAAAAAAAAAAAAAAAAAAAAAAAAAAAAAAAAAAAAAAAAAAAAAAAAAAAAAAAAAAAAAAAAAAAAAAAAAAAAAAAAAAAAAAAAAAAAAAAAAAAAAAAAAAAAAAAAAAAAAAAAAAAAAAAAAAAAAAAAAAAAAAAAAAAAAAAACA/wf/AhyHlH9OqTeoAAAAAElFTkSuQmCC"`;

exports[`render <Text/> renders <Text/> with defaults correctly 1`] = `"data:image/png;base64,iVBORw0KGgoAAAANSUhEUgAAASwAAACWCAYAAABkW7XSAAAABmJLR0QA/wD/AP+gvaeTAAAAxUlEQVR4nO3BMQEAAADCoPVPbQhfoAAAAAAAAAAAAAAAAAAAAAAAAAAAAAAAAAAAAAAAAAAAAAAAAAAAAAAAAAAAAAAAAAAAAAAAAAAAAAAAAAAAAAAAAAAAAAAAAAAAAAAAAAAAAAAAAAAAAAAAAAAAAAAAAAAAAAAAAAAAAAAAAAAAAAAAAAAAAAAAAAAAAAAAAAAAAAAAAAAAAAAAAAAAAAAAAAAAAAAAAAAAAAAAAAAAAAAAAAAAAAAAAAAAAAAAAOA1v9QAATX68/0AAAAASUVORK5CYII="`;

exports[`render <Text/> renders only <Text/> correctly 1`] = `"data:image/png;base64,iVBORw0KGgoAAAANSUhEUgAAASwAAACWCAYAAABkW7XSAAAABmJLR0QA/wD/AP+gvaeTAAAIJklEQVR4nO3cbUyV5x3H8R/PwkAU1Ci0ahWKFIVCQWcRcYlYrcY+wMKW6ZxrY9StTbZs7R7SjWRNFqsvuoc6l5lo142UdpvWNrjWRg1uzsHmjmKphhZrBQV1HgUOcjgP7AXb0SM2wAGl/+77SXxxc65z3dd54Tf3ue4bwipU0Rs5JlKRsZG6mfeaV95ub7+fj5bo+GiFR4UPOM7v9auno+cOrAifdRWqCBvtNeC6SEma9/Q8Ld60uN+Lvf5eXT1zVXVb63TkxSPye/13fIE3KqsqU/rD6QOO+/gvH2tH0Y4ROWdCaoLiJ8er7VjbqH9+4P9d0GWVY4dDl05dChxHx0dr1iOzVLK5RInTErX3qb13fIE3cux06EzNmcDxlNwpyirP0sndJ9V8pDnw8/bm9hE7Z8HGAhX9oEibJ25W16WuEZsXwNAFBavhDw1qrG4MGlDzfI02HN+gvCfz9Pa33h7Vq4yG1xuCjrNXZSurPEtN+5pUt7VulFYF4E7pv3F1E5/bp7N/Pavke5OVODVRzianCp8t1LXL13T0N0eDxi743gJ1tnbKsdMhSZr7zbnq6exRY3Wjin9crF5fr/Y+3XeVFjM2RgUbCzS1aKokqflvzarbWqdrl6+NyAcbaP60ZWmaXjxdTe82qendpsD70pamafqi6Tr5xkmlPJCie75wjyRp4XMLdXr/aZ1649SIrA/A0A28gy1p/Mzx6vX3qrOtU5KUvz5fs780u9+4/A35yizNDBznrMlR7tdztbZmrfI35GvCrAmSpISUBK375zotqlgkqS+Khc8UauN7G5WckTzczzSo+c8fPa/cJ3JVWlmquIlxgfeVVpYq45EMtR1r04TMCYqfEi9JmpwzWYl3Jw57bQBCFxSs6PhojRk/JvBv0uxJKnmhRNMWTtOpPafkcXmGfIKpRVPVeqxVm8Zv0itLXpEkrdi2QgkpCdo+f7sql1eq6vEqbcvdpsiYSC1/afmwP9Rg5ne1ufTW+rcUNzFOy362TJK0/FfLFR0frV2rd8nT5VH1N6pVX1kvSXqt7DXV/rJ22GsDELqgr4RlVWW3HHTp5KXAV7mhcre7teeJPerp7HvMYOzdY5W+Il21P69V679aA+OcHzpVX1mv/A35ihkbI3e7O6TzDWX+9//4vup/X685X5kjr9urjJUZOvDcAZ37x7mQzg3g9goKVu0vanXhxIXAsd/n15XTV3Tm0Bn5PaFttl9uvByIldR3Zy8sLExTHpiiFb9eETR20uxJCgsPU/zk+JCDNdT5q5+q1rTiabr/a/fr7OGzOvTTQyGdF8DtFxSsD/78Qb+7hEOaLKb/Hv7NdxWjPhclSYqIilDs+Nig1zpaOtTweoP8vtDvRA51fr/HL5/bJ0nyuDzq9feGfG4At9eAdwk/SXhE8H59VFyUYpNjP2H0da42l6S+RygObzkcvJj/PnHffaU71GUNef4lW5Zo3IxxaqxuVPrD6SrYWKC6l3hEAvg0GtRdwpu5r7qVlJ4k3fBLC5mlmQqPHHi6ltoWudvduu+L9wW/ECatObBG6x3rQ1lSSPOnLUtT3ro8OXY4VPV4lS6+d1ElL5Qo+d7h36kEMPJCCtZHBz9SQkqCHvvtY8oszdSC7y/Q0heXynXBNeB7ezp7VPOTGqXOTVXZq2WasXiGZj40U+V/Ktddn79L+3+4XxrGt7LBzh+bFKuV21fK1ebSO995Rz63T7vX7lZEdIQefflRhUX01fh/z20VPluo1HmpoS8MwLBFSlL3lW45m5zydA3usYWDFQc1bvo4zfnyHGWvypbzQ6d2rd6lvCfz1PXv67++0tHSccs9ocNbDsvv9av4R8XKKs+SJHWe79Sb697U8d8dH/Ti3R1uOZuc/TboBzP/g999UN5ur/Y9s0/dzr6viOfqzqnm+RrlfDVHOatz5Njp0IlXTyh7Vbbmf3u+/F6/Wv7eMuj1ARhZYRWqCPl6JiouShExEYH/8EMVER2hpLQk9bh61N7crl7fyG543+758dnHX2v4dAl5012SPF2eQV+V3Yqvx6eLDReHs4RRnR/AnRXSHhYAjAaCBcAMggXADIIFwAyCBcAMggXADIIFwAyCBcAMggXADIIFwAyCBcAMggXADIIFwAyCBcAMggXADIIFwAyCBcAMggXADIIFwAyCBcAMggXADIIFwAyCBcAMggXADIIFwAyCBcAMggXADIIFwAyCBcAMggXADIIFwAyCBcAMggXADIIFwAyCBcAMggXADIIFwAyCBcAMggXADIIFwAyCBcAMggXADIIFwAyCBcAMggXADIIFwAyCBcAMggXADIIFwAyCBcAMggXADIIFwAyCBcAMggXADIIFwAyCBcAMggXADIIFwAyCBcAMggXADIIFwAyCBcAMggXADIIFwAyCBcAMggXADIIFwAyCBcAMggXADIIFwAyCBcAMggXADIIFwAyCBcAMggXADIIFwAyCBcAMggXADIIFwAyCBcAMggXADIIFwAyCBcAMggXADIIFwAyCBcAMggXADIIFwAyCBcAMggXADIIFwAyCBcAMggXADIIFwAyCBcAMggXADIIFwAyCBcAMggXADIIFwAyCBcAMggXADIIFwAyCBcAMggXADIIFwAyCBcAMggXADIIFwAyCBcAMggXADIIFwAyCBcAMggXADIIFwAyCBcAMggXADIIFwAyCBcAMggXADIIFwAyCBcAMggXADIIFwAyCBcAMggXADIIFwAyCBcAMggXADIIFwAyCBcAMggXADIIFwAyCBcCM/wD3pnDYQXGs9QAAAABJRU5ErkJggg=="`;

exports[`render <Text/> should render nothing with empty children 1`] = `"data:image/png;base64,iVBORw0KGgoAAAANSUhEUgAAASwAAACWCAYAAABkW7XSAAAABmJLR0QA/wD/AP+gvaeTAAAAxUlEQVR4nO3BMQEAAADCoPVPbQhfoAAAAAAAAAAAAAAAAAAAAAAAAAAAAAAAAAAAAAAAAAAAAAAAAAAAAAAAAAAAAAAAAAAAAAAAAAAAAAAAAAAAAAAAAAAAAAAAAAAAAAAAAAAAAAAAAAAAAAAAAAAAAAAAAAAAAAAAAAAAAAAAAAAAAAAAAAAAAAAAAAAAAAAAAAAAAAAAAAAAAAAAAAAAAAAAAAAAAAAAAAAAAAAAAAAAAAAAAAAAAAAAAAAAAAAAAOA1v9QAATX68/0AAAAASUVORK5CYII="`;
